===============================================
APERTA Open Club Management System (aperta-cms)
===============================================

aperta-cms is a Python/Django based web application to manage and organize
a non-for-profit organisation (eg. a service club like FIFTy-ONE). It includes
apps to manage "members", "meetings", "events" and "treasury".

Detailed documentation is in the "docs" directory.

Quick start
-----------

1. Use as django project template for a fresh install::

    django-admin startproject --template=https://github.com/psteichen/aperta-cms-template/archive/master.zip mycms

2. Create your own config::

    cp cms/default_settings.py cms/settings.py

(3. Manually install "headcrumbs" via https://github.com/psteichen/django-headcrumbs (there's no pypi install script yet))

4. Run `python manage.py migrate` to create the models.

4. Start the development server and visit http://127.0.0.1:8000/
   to import data for the different apps (see "docs" for full details).

(5. Deploy django app on your webserver, fora good start see: https://docs.djangoproject.com/en/1.11/howto/deployment/wsgi/)
